[2026-09-28T16:15:20.622Z][INFO] Command-line: /Applications/Unity/Hub/Editor/6000.5.3f1/Unity.app/Contents/Helpers/PackageManager/Server/UnityPackageManager server -s 41068 --ipc-path /tmp/Unity-Upm-41068.sock -l 2 --log-file '/Users/ocean/Desktop/Create with Code/Arena Last Fight/Logs/upm.log'
[2026-09-28T16:15:20.646Z][INFO] IPC server started (IPC path=/tmp/Unity-Upm-41068.sock).
[2026-09-28T16:15:20.646Z][INFO] Hint: To connect to this UPM instance, launch Unity with the command-line parameter -upmIpcPath Upm-41068.
[2026-09-28T16:15:22.492Z][INFO] project:list-packages <-- Request received
params: {}
[2026-09-28T16:15:22.577Z][INFO] project:list-packages <-- Request received
params: {}
[2026-09-28T16:15:22.583Z][INFO] config:project:get-registries <-- Request received
params: {}
[2026-09-28T16:15:22.783Z][INFO] config:project:get-registries --> 200 (200 ms)
[2026-09-28T16:15:22.899Z][INFO] project:list-packages --> 200 (408 ms)
[2026-09-28T16:15:22.899Z][INFO] project:list-packages --> 200 (322 ms)
[2026-09-28T16:15:25.343Z][INFO] project:list-packages <-- Request received
params: {}
[2026-09-28T16:15:25.355Z][INFO] project:list-packages <-- Request received
params: {}
[2026-09-28T16:15:25.460Z][INFO] project:list-packages --> 200 (118 ms)
[2026-09-28T16:15:25.470Z][INFO] project:list-packages --> 200 (115 ms)
[2026-09-28T16:15:27.144Z][INFO] project:list-packages <-- Request received
params: {}
[2026-09-28T16:15:27.239Z][INFO] project:list-packages --> 200 (95 ms)
[2026-09-28T16:15:27.567Z][INFO] config:project:get-registries <-- Request received
params: {}
[2026-09-28T16:15:27.569Z][INFO] config:project:get-registries --> 200 (2 ms)
[2026-09-28T16:15:29.672Z][INFO] project:list-packages <-- Request received
params: {}
[2026-09-28T16:15:29.796Z][INFO] project:list-packages --> 200 (124 ms)
[2026-09-28T16:15:29.861Z][INFO] packages:get-packageinfo <-- Request received
params: {
  "packageId": "com.unity.ai.assistant"
}
[2026-09-28T16:15:31.174Z][INFO] packages:get-packageinfo --> 200 (1313 ms)
[2026-09-28T16:15:50.588Z][INFO] project:list-packages <-- Request received
params: {}
[2026-09-28T16:15:50.683Z][INFO] project:list-packages --> 200 (95 ms)
[2026-09-28T16:15:50.908Z][INFO] project:list-packages <-- Request received
params: {}
[2026-09-28T16:15:50.978Z][INFO] project:list-packages --> 200 (70 ms)
[2026-09-28T16:15:51.108Z][INFO] config:project:get-registries <-- Request received
params: {}
[2026-09-28T16:15:51.110Z][INFO] config:project:get-registries --> 200 (2 ms)
[2026-09-28T16:15:53.676Z][INFO] packages:get-packageinfo <-- Request received
params: {
  "packageId": "com.unity.ai.assistant"
}
[2026-09-28T16:15:53.686Z][INFO] packages:get-packageinfo --> 200 (10 ms)
[2026-09-28T16:17:02.794Z][INFO] project:list-packages <-- Request received
params: {}
[2026-09-28T16:17:02.884Z][INFO] project:list-packages --> 200 (91 ms)
[2026-09-28T16:17:03.127Z][INFO] project:list-packages <-- Request received
params: {}
[2026-09-28T16:17:03.223Z][INFO] project:list-packages --> 200 (96 ms)
[2026-09-28T16:17:03.328Z][INFO] config:project:get-registries <-- Request received
params: {}
[2026-09-28T16:17:03.334Z][INFO] config:project:get-registries --> 200 (7 ms)
[2026-09-28T16:17:05.002Z][INFO] packages:get-packageinfo <-- Request received
params: {
  "packageId": "com.unity.ai.assistant"
}
[2026-09-28T16:17:05.776Z][INFO] packages:get-packageinfo --> 200 (774 ms)
[2026-09-28T17:18:51.638Z][INFO] Received shutdown request (SIGTERM), shutting down Unity Package Manager
